// Jest Snapshot v1, https://goo.gl/fbAQLP

exports[`Header component should render 1`] = `
.c0 {
  -webkit-align-items: center;
  -webkit-box-align: center;
  -ms-flex-align: center;
  align-items: center;
  background-color: #00A7CB;
  display: -webkit-box;
  display: -webkit-flex;
  display: -ms-flexbox;
  display: flex;
  -webkit-box-pack: justify;
  -webkit-justify-content: space-between;
  -ms-flex-pack: justify;
  justify-content: space-between;
  padding-top: 1rem;
  padding-right: 1rem;
  padding-bottom: 1rem;
  padding-left: 1rem;
}

.c2 {
  color: inherit;
  font-size: 2.5rem;
  -webkit-text-decoration: none;
  text-decoration: none;
}

.c1 {
  margin-top: 0;
  margin-right: 0;
  margin-bottom: 0;
  margin-left: 0;
}

.c3 {
  color: #FFF;
}

<div
  class="c0"
>
  <h2
    class="c1"
  >
    <a
      aria-current="page"
      class="c2 active"
      href="/"
    >
      <span
        class="c3"
      >
        BR
      </span>
      Battles
    </a>
  </h2>
</div>
`;
