// Jest Snapshot v1, https://goo.gl/fbAQLP

exports[`Header component should render 1`] = `
.c4 {
  -webkit-align-items: center;
  -webkit-box-align: center;
  -ms-flex-align: center;
  align-items: center;
  display: -webkit-box;
  display: -webkit-flex;
  display: -ms-flexbox;
  display: flex;
  list-style: none;
  margin: 0;
  padding: 0;
}

.c5 {
  margin-right: 2rem;
}

.c5:hover {
  color: white;
}

.c6 {
  color: inherit;
  font-size: 1.2rem;
  font-weight: 500;
  -webkit-text-decoration: none;
  text-decoration: none;
}

.c7 {
  background-color: black;
  border: 0;
  border-radius: 16px;
  color: white;
  cursor: pointer;
  font-size: 1.2rem;
  font-weight: 100;
  padding: 5px 15px;
}

.c0 {
  -webkit-align-items: center;
  -webkit-box-align: center;
  -ms-flex-align: center;
  align-items: center;
  background-color: #00A7CB;
  display: -webkit-box;
  display: -webkit-flex;
  display: -ms-flexbox;
  display: flex;
  -webkit-box-pack: justify;
  -webkit-justify-content: space-between;
  -ms-flex-pack: justify;
  justify-content: space-between;
  padding: 1.3rem 1rem;
}

.c2 {
  color: inherit;
  -webkit-text-decoration: none;
  text-decoration: none;
}

.c1 {
  margin: 0;
}

.c3 {
  color: white;
}

<div
  class="c0"
>
  <h2
    class="c1"
  >
    <a
      aria-current="page"
      class="c2 active"
      href="/"
    >
      <span
        class="c3"
      >
        BR
      </span>
      Battles
    </a>
  </h2>
  <ul
    class="c4"
  >
    <li
      class="c5"
    >
      <a
        class="c6"
        href="/about"
      >
        About
      </a>
    </li>
    <li
      class="c5"
    >
      <a
        class="c6"
        href="/tournaments"
      >
        Tournaments
      </a>
    </li>
    <li
      class="c5"
    >
      <a
        class="c6"
        href="/stats"
      >
        Stats
      </a>
    </li>
    <li
      class="c5"
    >
      <a
        class="c6"
        href="/login"
      >
        <button
          class="c7"
          type="button"
        >
          Login
        </button>
      </a>
    </li>
  </ul>
</div>
`;
