// Jest Snapshot v1, https://goo.gl/fbAQLP

exports[`LoginPage component should render 1`] = `
<form
  data-testid="loginForm"
>
  <input
    data-testid="emailInput"
    type="email"
    value=""
  />
  <input
    data-testid="passwordInput"
    type="password"
    value=""
  />
  <button
    data-testid="loginButton"
    disabled=""
    type="submit"
  >
    Login
  </button>
</form>
`;
