// Jest Snapshot v1, https://goo.gl/fbAQLP

exports[`ErrorPage component should render 1`] = `
.c0 {
  background-color: #353535;
  height: 100vh;
  padding-top: 2rem;
  padding-right: 1rem;
  padding-bottom: 2rem;
  padding-left: 1rem;
}

.c1 {
  -webkit-align-items: center;
  -webkit-box-align: center;
  -ms-flex-align: center;
  align-items: center;
  display: -webkit-box;
  display: -webkit-flex;
  display: -ms-flexbox;
  display: flex;
  -webkit-flex-direction: column;
  -ms-flex-direction: column;
  flex-direction: column;
  margin: 0 auto;
  max-width: 375px;
}

.c2 {
  color: #00A7CB;
  font-size: 2rem;
}

.c3 {
  height: auto;
  width: 150px;
}

.c4 {
  color: #00A7CB;
  font-size: 1.25rem;
  width: 100%;
}

<div
  class="c0"
>
  <div
    class="c1"
  >
    <h1
      class="c2"
    >
      Oops something went wrong!
    </h1>
    <img
      alt="pixel man"
      class="c3"
      src="pixel-man.png"
    />
    <p
      class="c4"
    >
      Turn around! The circle is the other way!
    </p>
    <p
      class="c4"
    >
      Theres nothing here, no loot, no bounties, nothing, nada.
    </p>
  </div>
</div>
`;
